


ARM Macro Assembler    Page 1 


    1 00000000                 AREA             myFirstExample, CODE, READONLY
    2 00000000                 ENTRY
    3 00000000 E3A00001        mov              r0,#1
    4 00000004 E3A01002        mov              r1,#2
    5 00000008 E0812000        add              r2,r1,r0
    6 0000000C E0822002        add              r2,r2,r2
    7 00000010 E0511001        subs             r1,r1,r1
    8 00000014 EAFFFFFE 
                       loop    b                loop
    9 00000018         
   10 00000018         
   11 00000018                 END
Command Line: --debug --xref --bi --apcs=interwork --depend=.\myfirstexample.d 
-o.\myfirstexample.o -IC:\Keil\ARM\RV31\INC -IC:\Keil\ARM\CMSIS\Include --prede
fine="__EVAL SETA 1" --list=.\myfirstexample.lst myFirstExample.s



ARM Macro Assembler    Page 1 Alphabetic symbol ordering
Relocatable symbols

loop 00000014

Symbol: loop
   Definitions
      At line 8 in file myFirstExample.s
   Uses
      At line 8 in file myFirstExample.s
Comment: loop used once
myFirstExample 00000000

Symbol: myFirstExample
   Definitions
      At line 1 in file myFirstExample.s
   Uses
      None
Comment: myFirstExample unused
2 symbols
333 symbols in table
