<html>
<body>
<pre>
<h1>µVision Build Log</h1>
<h2>Project:</h2>
C:\Users\56111\OneDrive - The University of Western Ontario\PrevCourses\2nd Year\B\COMPSCI 2208B\.uvproj\t7.uvproj
Project File Date:  03/16/2021

<h2>Output:</h2>
Build target 'Target 1'
linking...
Program Size: Code=24 RO-data=0 RW-data=0 ZI-data=0  
".\t7.axf" - 0 Error(s), 0 Warning(s).
f" - 0 Error(s), 0 Warning(s).
E: Code generated in data area
myFirstExample.s(4): error: A1186E: Code generated in data area
myFirstExample.s(5): error: A1186E: Code generated in data area
myFirstExample.s(6): error: A1186E: Code generated in data area
".\t7.axf" - 5 Error(s), 0 Warning(s).
Target not created
