C:\Users\h_anp\Documents\NetBeansProjects\GIS_group60\src\main\java\com\cs2212\gis_group60\mainPage.java
C:\Users\h_anp\Documents\NetBeansProjects\GIS_group60\src\main\java\com\cs2212\gis_group60\POI.java
C:\Users\h_anp\Documents\NetBeansProjects\GIS_group60\src\main\java\com\cs2212\gis_group60\Building.java
C:\Users\h_anp\Documents\NetBeansProjects\GIS_group60\src\main\java\com\cs2212\gis_group60\UserDefPOIlist.java
C:\Users\h_anp\Documents\NetBeansProjects\GIS_group60\src\main\java\com\cs2212\gis_group60\UserDefPoi.java
C:\Users\h_anp\Documents\NetBeansProjects\GIS_group60\src\main\java\com\cs2212\gis_group60\Room.java
C:\Users\h_anp\Documents\NetBeansProjects\GIS_group60\src\main\java\com\cs2212\gis_group60\POIlist.java
C:\Users\h_anp\Documents\NetBeansProjects\GIS_group60\src\main\java\com\cs2212\gis_group60\GIS_group60.java
C:\Users\h_anp\Documents\NetBeansProjects\GIS_group60\src\main\java\com\cs2212\gis_group60\AboutUI.java
C:\Users\h_anp\Documents\NetBeansProjects\GIS_group60\src\main\java\com\cs2212\gis_group60\FavPOIlist.java
C:\Users\h_anp\Documents\NetBeansProjects\GIS_group60\src\main\java\com\cs2212\gis_group60\Floor.java
