<html>
<body>
<pre>
<h1>µVision Build Log</h1>
<h2>Project:</h2>
C:\Users\56111\Desktop\uVision\Asmt1.uvproj
Project File Date:  11/08/2022

<h2>Output:</h2>
Build target 'Target 1'
linking...
Program Size: Code=156 RO-data=0 RW-data=0 ZI-data=0  
".\Asmt1.axf" - 0 Error(s), 0 Warning(s).
</pre>
</body>
</html>
ning(s).
Target not created
1.axf" - 0 Error(s), 1 Warning(s).
Warning(s).
Target not created
ot load file 'C:\Users\56111\Desktop\uVision\Asmt1.axf'. Debugger aborted !
