<html>
<body>
<pre>
<h1>µVision Build Log</h1>
<h2>Project:</h2>
C:\Users\56111\OneDrive - The University of Western Ontario\PrevCourses\4th Year\A\COMPSCI 2208A\Workspace\Lab2.uvproj
Project File Date:  10/27/2022

<h2>Output:</h2>
Build target 'Target 1'
assembling Lab2.s...
linking...
Program Size: Code=104 RO-data=0 RW-data=0 ZI-data=0  
".\Lab2.axf" - 0 Error(s), 0 Warning(s).
</pre>
</body>
</html>
(8): error: A1215E: Bad register list symbol
Lab2.s(9): error: A1215E: Bad register list symbol
".\Lab2.axf" - 4 Error(s), 0 Warning(s).
Target not created
